I'm sorry, but errors were detected in your script. Please correct the
errors listed below, and try again.


File "game/script.rpy", line 1912: end of line expected.
    with dissolve    show bia sneer
                     ^

Ren'Py Version: Ren'Py 8.3.7.25031702
Thu May 22 13:16:37 2025
